// Jest Snapshot v1, https://goo.gl/fbAQLP

exports[`<CollectionFloorPrice /> should display properly 1`] = `
<div>
  <div>
    0.00
     Ξ
    <div>
       ETH
    </div>
  </div>
  <div>
    <span>
      0.00
    </span>
    Ξ (
    <span>
      0.00
    </span>
    %)
  </div>
</div>
`;
