// Jest Snapshot v1, https://goo.gl/fbAQLP

exports[`EditProfileButton renders correctly 1`] = `
<div>
  <a
    href="/edit_profile"
  >
    Edit Profile
  </a>
</div>
`;
