// Jest Snapshot v1, https://goo.gl/fbAQLP

exports[`<MarketCollectionInfos /> should display properly 1`] = `
<div>
  <img
    src="https://lh3.googleusercontent.com/j2tpXbSVHCzhtM2betJkxxlug7Y2i7yC9fyPPiJCTIBqxpU4VxsGk7Osw04lt8TetpSOp2uamKE_Ppy1fC_2cr8"
  />
  <div>
    KITT
  </div>
  <div>
    CryptoKitties
  </div>
</div>
`;
