// Jest Snapshot v1, https://goo.gl/fbAQLP

exports[`EditNFTsButton renders correctly 1`] = `
<div>
  <button
    onClick={[Function]}
  >
    Edit NFTs
  </button>
</div>
`;
