// Jest Snapshot v1, https://goo.gl/fbAQLP

exports[`<LogoutSetting /> should display properly 1`] = `
<div>
  <div
    onClick={[Function]}
  >
    Log out
    <div>
      <img
        src="/icons/logout_icon.png"
      />
    </div>
  </div>
</div>
`;
