// Jest Snapshot v1, https://goo.gl/fbAQLP

exports[`<ResetPasswordSetting /> should display properly 1`] = `
<div>
  <div>
    Reset Password
    <div>
      <img
        src="/icons/back_icon.png"
      />
    </div>
  </div>
</div>
`;
