// Jest Snapshot v1, https://goo.gl/fbAQLP

exports[`<ProfileWalletViewer /> should display properly 1`] = `
<div>
  <div>
    <div>
      <div
        onClick={[Function]}
      >
        <div />
      </div>
      <div>
        CryptoKitties
      </div>
    </div>
  </div>
</div>
`;
