// Jest Snapshot v1, https://goo.gl/fbAQLP

exports[`<CollectionInfos /> should display the correct collection information 1`] = `
<div>
  <div>
    CryptoKitties
  </div>
  <div>
    69
  </div>
  <div />
</div>
`;
