// Jest Snapshot v1, https://goo.gl/fbAQLP

exports[`<SearchBar /> should display properly 1`] = `
<div>
  <div>
    <img
      src="magnifier.svg"
    />
    <input
      placeholder="Search"
      type="text"
    />
  </div>
</div>
`;
