// Jest Snapshot v1, https://goo.gl/fbAQLP

exports[`CreatorProfileInfos renders correctly 1`] = `
<div>
  <div>
    <div>
      <img
        alt="Avatar"
        src="./icons/icon-192x192.png"
      />
    </div>
    <div>
      <div>
        <a
          href="/edit_profile"
        >
          Edit Profile
        </a>
      </div>
      <div>
        <button
          onClick={[Function]}
        >
          Edit NFTs
        </button>
      </div>
    </div>
  </div>
  <div>
    <div>
      A username
    </div>
  </div>
  <div>
    Here is a description
  </div>
  <div>
    NETWORTH:420
  </div>
</div>
`;
