// Jest Snapshot v1, https://goo.gl/fbAQLP

exports[`<MarketHeader /> should display properly 1`] = `
<div>
  <div>
    March 12
  </div>
</div>
`;
