// Jest Snapshot v1, https://goo.gl/fbAQLP

exports[`renders correctly 1`] = `
<div>
  <div>
    <p>
      ●
    </p>
    <p>
      ●
    </p>
    <p>
      ●
    </p>
  </div>
  <div>
    A title
  </div>
</div>
`;
