// Jest Snapshot v1, https://goo.gl/fbAQLP

exports[`<WalletManager /> should display properly 1`] = `
<div
  id="bg"
  onClick={[Function]}
>
  <div>
    <div>
      <div>
        <div>
          <ul>
            <div>
              <div>
                <div>
                  Metamask
                  <img
                    src="/images/metamask_logo.png"
                  />
                </div>
                <div />
              </div>
              <div>
                <img
                  onClick={[Function]}
                  src="/icons/delete_icon.png"
                />
              </div>
            </div>
            <div>
              <div>
                <div>
                  Metamask
                  <img
                    src="/images/metamask_logo.png"
                  />
                </div>
                <div />
              </div>
              <div>
                <img
                  onClick={[Function]}
                  src="/icons/delete_icon.png"
                />
              </div>
            </div>
          </ul>
        </div>
      </div>
      <div />
      <div>
        <ul />
      </div>
    </div>
  </div>
</div>
`;
