// Jest Snapshot v1, https://goo.gl/fbAQLP

exports[`<CadEthExchangeButton /> should display properly 1`] = `
<div>
  <div
    onClick={[Function]}
  >
    Switch
  </div>
</div>
`;
