// Jest Snapshot v1, https://goo.gl/fbAQLP

exports[`<FloorPrice /> should display properly 1`] = `
<div>
  7.8Îž
</div>
`;
