// Jest Snapshot v1, https://goo.gl/fbAQLP

exports[`<FloorPriceDelta /> should display properly 1`] = `
<div>
  0.0Îž (NaN%)
</div>
`;
