// Jest Snapshot v1, https://goo.gl/fbAQLP

exports[`<NftBlock /> should display the correct collection information 1`] = `
<div>
  <a
    href="login"
    target="_blank"
  >
    <img
      src="https://lh3.googleusercontent.com/j2tpXbSVHCzhtM2betJkxxlug7Y2i7yC9fyPPiJCTIBqxpU4VxsGk7Osw04lt8TetpSOp2uamKE_Ppy1fC_2cr8"
    />
  </a>
  <div>
    Savannah R1-R3, Sly R1
  </div>
</div>
`;
