// Jest Snapshot v1, https://goo.gl/fbAQLP

exports[`Checkmarks renders correctly 1`] = `
<div>
  <img
    src="./images/twitter_checkmark.png"
  />
</div>
`;
