// Jest Snapshot v1, https://goo.gl/fbAQLP

exports[`<AnimatedDiv /> should display properly 1`] = `
<div
  style={
    Object {
      "opacity": 0,
      "transform": "translateX(-100vw) translateZ(0)",
    }
  }
/>
`;
