// Jest Snapshot v1, https://goo.gl/fbAQLP

exports[`<CollectionMarketGraph /> should display properly 1`] = `
<div>
  <div>
    <div>
      <canvas
        height={150}
        role="img"
        width={300}
      />
      <canvas
        height={150}
        role="img"
        width={300}
      />
    </div>
  </div>
  <div>
    <div
      className="undefined "
      onClick={[Function]}
    >
      1W
    </div>
    <div
      className="undefined "
      onClick={[Function]}
    >
      1M
    </div>
    <div
      className="undefined "
      onClick={[Function]}
    >
      3M
    </div>
    <div
      className="undefined "
      onClick={[Function]}
    >
      1Y
    </div>
    <div
      className="undefined "
      onClick={[Function]}
    >
      ALL
    </div>
  </div>
</div>
`;
